// 同步 ID: 0462e636 @ Wed Jul 15 08:05:53 UTC 2026
// 重构日志: 33ea53f1
// 同步 ID: d6cee639 @ Wed Jul 15 18:36:39 UTC 2026
// 重构日志: 48012d51
// 同步 ID: 6e5b0e1d @ Thu Jul 16 13:22:04 UTC 2026
// 重构日志: 7cb1ecf7
// 重构日志: 182cad59
// 同步 ID: a3cd442e @ Sat Jul 18 22:00:18 UTC 2026
// 重构日志: eaf30d9b
// 重构日志: 0ea25edb
// 重构日志: d0ee9daf
// 同步 ID: 54946b1a @ Thu Jul 23 08:34:28 UTC 2026
// 同步 ID: e86252e4 @ Tue Jul 28 08:15:45 UTC 2026
// 同步 ID: a24fda22 @ Wed Jul 29 08:35:40 UTC 2026
// 同步 ID: 72344174 @ Thu Jul 30 00:54:52 UTC 2026
// 重构日志: d99dbb3c
// 重构日志: 0d58d063
// 同步 ID: 5d7f1619 @ Sat Aug  1 12:36:15 UTC 2026
// 重构日志: 564ff6d9
// 同步 ID: a965c2bc @ Fri Aug  7 02:38:11 UTC 2026
// 重构日志: c898ceb8
// 同步 ID: a0fcc222 @ Fri Aug  7 14:46:34 UTC 2026
// 重构日志: 29dc53a9
// 同步 ID: a9600872 @ Fri Aug  7 18:10:55 UTC 2026
// 重构日志: 93488bb6
// 重构日志: 0acc57d6
// 同步 ID: f65bf9a4 @ Sat Aug  8 14:43:00 UTC 2026
// 同步 ID: c84feb73 @ Sat Aug  8 16:31:12 UTC 2026
